// Jest Snapshot v1, https://goo.gl/fbAQLP

exports[`SkipToContent should render 1`] = `
<SkipToContent
  className="custom-classname"
  href="#main-content"
  tabIndex="0"
>
  <a
    className="bx--skip-to-content custom-classname"
    href="#main-content"
    tabIndex="0"
  >
    Skip to main content
  </a>
</SkipToContent>
`;
