// Jest Snapshot v1, https://goo.gl/fbAQLP

exports[`Accordion should render 1`] = `
<Accordion
  align="end"
  className="extra-class"
>
  <ul
    className="bx--accordion extra-class bx--accordion--end"
  >
    <AccordionItem
      className="child"
      title="Heading A"
    >
      <li
        className="bx--accordion__item child"
        onAnimationEnd={[Function]}
      >
        <defaultRenderExpando
          aria-controls="accordion-item-1"
          aria-expanded={false}
          className="bx--accordion__heading"
          onClick={[Function]}
          onKeyDown={[Function]}
          type="button"
        >
          <button
            aria-controls="accordion-item-1"
            aria-expanded={false}
            className="bx--accordion__heading"
            onClick={[Function]}
            onKeyDown={[Function]}
            type="button"
          >
            <ForwardRef(ChevronRight16)
              className="bx--accordion__arrow"
            >
              <Icon
                className="bx--accordion__arrow"
                fill="currentColor"
                height={16}
                preserveAspectRatio="xMidYMid meet"
                viewBox="0 0 16 16"
                width={16}
                xmlns="http://www.w3.org/2000/svg"
              >
                <svg
                  aria-hidden={true}
                  className="bx--accordion__arrow"
                  fill="currentColor"
                  focusable="false"
                  height={16}
                  preserveAspectRatio="xMidYMid meet"
                  viewBox="0 0 16 16"
                  width={16}
                  xmlns="http://www.w3.org/2000/svg"
                >
                  <path
                    d="M11 8L6 13 5.3 12.3 9.6 8 5.3 3.7 6 3z"
                  />
                </svg>
              </Icon>
            </ForwardRef(ChevronRight16)>
            <div
              className="bx--accordion__title"
            >
              Heading A
            </div>
          </button>
        </defaultRenderExpando>
        <div
          className="bx--accordion__content"
          id="accordion-item-1"
        >
          Panel A
        </div>
      </li>
    </AccordionItem>
    <AccordionItem
      className="child"
      title="Heading B"
    >
      <li
        className="bx--accordion__item child"
        onAnimationEnd={[Function]}
      >
        <defaultRenderExpando
          aria-controls="accordion-item-2"
          aria-expanded={false}
          className="bx--accordion__heading"
          onClick={[Function]}
          onKeyDown={[Function]}
          type="button"
        >
          <button
            aria-controls="accordion-item-2"
            aria-expanded={false}
            className="bx--accordion__heading"
            onClick={[Function]}
            onKeyDown={[Function]}
            type="button"
          >
            <ForwardRef(ChevronRight16)
              className="bx--accordion__arrow"
            >
              <Icon
                className="bx--accordion__arrow"
                fill="currentColor"
                height={16}
                preserveAspectRatio="xMidYMid meet"
                viewBox="0 0 16 16"
                width={16}
                xmlns="http://www.w3.org/2000/svg"
              >
                <svg
                  aria-hidden={true}
                  className="bx--accordion__arrow"
                  fill="currentColor"
                  focusable="false"
                  height={16}
                  preserveAspectRatio="xMidYMid meet"
                  viewBox="0 0 16 16"
                  width={16}
                  xmlns="http://www.w3.org/2000/svg"
                >
                  <path
                    d="M11 8L6 13 5.3 12.3 9.6 8 5.3 3.7 6 3z"
                  />
                </svg>
              </Icon>
            </ForwardRef(ChevronRight16)>
            <div
              className="bx--accordion__title"
            >
              Heading B
            </div>
          </button>
        </defaultRenderExpando>
        <div
          className="bx--accordion__content"
          id="accordion-item-2"
        >
          Panel B
        </div>
      </li>
    </AccordionItem>
    <AccordionItem
      className="child"
      title="Heading C"
    >
      <li
        className="bx--accordion__item child"
        onAnimationEnd={[Function]}
      >
        <defaultRenderExpando
          aria-controls="accordion-item-3"
          aria-expanded={false}
          className="bx--accordion__heading"
          onClick={[Function]}
          onKeyDown={[Function]}
          type="button"
        >
          <button
            aria-controls="accordion-item-3"
            aria-expanded={false}
            className="bx--accordion__heading"
            onClick={[Function]}
            onKeyDown={[Function]}
            type="button"
          >
            <ForwardRef(ChevronRight16)
              className="bx--accordion__arrow"
            >
              <Icon
                className="bx--accordion__arrow"
                fill="currentColor"
                height={16}
                preserveAspectRatio="xMidYMid meet"
                viewBox="0 0 16 16"
                width={16}
                xmlns="http://www.w3.org/2000/svg"
              >
                <svg
                  aria-hidden={true}
                  className="bx--accordion__arrow"
                  fill="currentColor"
                  focusable="false"
                  height={16}
                  preserveAspectRatio="xMidYMid meet"
                  viewBox="0 0 16 16"
                  width={16}
                  xmlns="http://www.w3.org/2000/svg"
                >
                  <path
                    d="M11 8L6 13 5.3 12.3 9.6 8 5.3 3.7 6 3z"
                  />
                </svg>
              </Icon>
            </ForwardRef(ChevronRight16)>
            <div
              className="bx--accordion__title"
            >
              Heading C
            </div>
          </button>
        </defaultRenderExpando>
        <div
          className="bx--accordion__content"
          id="accordion-item-3"
        >
          Panel C
        </div>
      </li>
    </AccordionItem>
  </ul>
</Accordion>
`;
