// Jest Snapshot v1, https://goo.gl/fbAQLP

exports[`BreadcrumbSkeleton should render 1`] = `
<BreadcrumbSkeleton>
  <div
    className="bx--breadcrumb bx--skeleton"
  >
    <div
      className="bx--breadcrumb-item"
    >
      <span
        className="bx--link"
      >
         
      </span>
    </div>
    <div
      className="bx--breadcrumb-item"
    >
      <span
        className="bx--link"
      >
         
      </span>
    </div>
    <div
      className="bx--breadcrumb-item"
    >
      <span
        className="bx--link"
      >
         
      </span>
    </div>
  </div>
</BreadcrumbSkeleton>
`;
