// Jest Snapshot v1, https://goo.gl/fbAQLP

exports[`DataTable.TableRow should render 1`] = `
<Table
  isSortable={false}
  overflowMenuOnHover={true}
>
  <table
    className="bx--data-table bx--data-table--no-border"
  >
    <TableBody
      aria-live="polite"
    >
      <tbody
        aria-live="polite"
      >
        <TableRow
          className="custom-class"
        >
          <tr
            className="custom-class"
          />
        </TableRow>
      </tbody>
    </TableBody>
  </table>
</Table>
`;
