// Jest Snapshot v1, https://goo.gl/fbAQLP

exports[`DataTable.TableBatchAction should render 1`] = `
<TableBatchAction
  className="custom-class"
  iconDescription="test"
  renderIcon={
    Object {
      "$$typeof": Symbol(react.forward_ref),
      "render": [Function],
    }
  }
>
  <ForwardRef(Button)
    className="custom-class"
    disabled={false}
    iconDescription="test"
    kind="primary"
    renderIcon={
      Object {
        "$$typeof": Symbol(react.forward_ref),
        "render": [Function],
      }
    }
    tabIndex={0}
    type="button"
  >
    <button
      className="custom-class bx--btn bx--btn--primary"
      disabled={false}
      tabIndex={0}
      type="button"
    >
      <ForwardRef(AddFilled16)
        aria-hidden="true"
        aria-label="test"
        className="bx--btn__icon"
      >
        <Icon
          aria-hidden="true"
          aria-label="test"
          className="bx--btn__icon"
          fill="currentColor"
          height={16}
          preserveAspectRatio="xMidYMid meet"
          viewBox="0 0 32 32"
          width={16}
          xmlns="http://www.w3.org/2000/svg"
        >
          <svg
            aria-hidden="true"
            aria-label="test"
            className="bx--btn__icon"
            fill="currentColor"
            focusable="false"
            height={16}
            preserveAspectRatio="xMidYMid meet"
            role="img"
            viewBox="0 0 32 32"
            width={16}
            xmlns="http://www.w3.org/2000/svg"
          >
            <path
              d="M16,2C8.4,2,2,8.4,2,16s6.4,14,14,14s14-6.4,14-14S23.6,2,16,2z M24,17h-7v7h-2v-7H8v-2h7V8h2v7h7V17z"
            />
            <path
              d="M24 17L17 17 17 24 15 24 15 17 8 17 8 15 15 15 15 8 17 8 17 15 24 15z"
              data-icon-path="inner-path"
              fill="none"
            />
          </svg>
        </Icon>
      </ForwardRef(AddFilled16)>
    </button>
  </ForwardRef(Button)>
</TableBatchAction>
`;
